// Jest Snapshot v1, https://goo.gl/fbAQLP

exports[`fastify api: fastify-api 1`] = `
Object {
  "hello": "world",
}
`;
